#
# There is insufficient memory for the Java Runtime Environment to continue.
# Native memory allocation (mmap) failed to map 266338304 bytes for G1 virtual space
# Possible reasons:
#   The system is out of physical RAM or swap space
#   The process is running with CompressedOops enabled, and the Java Heap may be blocking the growth of the native heap
# Possible solutions:
#   Reduce memory load on the system
#   Increase physical memory or swap space
#   Check if swap backing store is full
#   Decrease Java heap size (-Xmx/-Xms)
#   Decrease number of Java threads
#   Decrease Java thread stack sizes (-Xss)
#   Set larger code cache with -XX:ReservedCodeCacheSize=
#   JVM is running with Zero Based Compressed Oops mode in which the Java heap is
#     placed in the first 32GB address space. The Java Heap base address is the
#     maximum limit for the native heap growth. Please use -XX:HeapBaseMinAddress
#     to set the Java Heap base and to place the Java Heap above 32GB virtual address.
# This output file may be truncated or incomplete.
#
#  Out of Memory Error (os_windows.cpp:3613), pid=112692, tid=112672
#
# JRE version:  (17.0.9+9) (build )
# Java VM: OpenJDK 64-Bit Server VM (17.0.9+9, mixed mode, sharing, tiered, compressed oops, compressed class ptrs, g1 gc, windows-amd64)
# No core dump will be written. Minidumps are not enabled by default on client versions of Windows
#

---------------  S U M M A R Y ------------

Command Line: 

Host: Intel(R) Core(TM) i5-10400 CPU @ 2.90GHz, 12 cores, 15G,  Windows 11 , 64 bit Build 26100 (10.0.26100.7623)
Time: Fri Feb  6 14:02:02 2026 SE Asia Standard Time elapsed time: 0.009468 seconds (0d 0h 0m 0s)

---------------  T H R E A D  ---------------

Current thread (0x0000015c774a4640):  JavaThread "Unknown thread" [_thread_in_vm, id=112672, stack(0x00000015eee00000,0x00000015eef00000)]

Stack: [0x00000015eee00000,0x00000015eef00000]
Native frames: (J=compiled Java code, j=interpreted, Vv=VM code, C=native code)
V  [jvm.dll+0x67cf49]
V  [jvm.dll+0x83478a]
V  [jvm.dll+0x83624e]
V  [jvm.dll+0x8368b3]
V  [jvm.dll+0x247f1f]
V  [jvm.dll+0x679d69]
V  [jvm.dll+0x66e6ba]
V  [jvm.dll+0x307e5b]
V  [jvm.dll+0x30f306]
V  [jvm.dll+0x35f0ce]
V  [jvm.dll+0x35f2ff]
V  [jvm.dll+0x2dea58]
V  [jvm.dll+0x2df9c4]
V  [jvm.dll+0x806031]
V  [jvm.dll+0x36cf31]
V  [jvm.dll+0x7e4aac]
V  [jvm.dll+0x3f07af]
V  [jvm.dll+0x3f23e1]
C  [jli.dll+0x528f]
C  [ucrtbase.dll+0x37b0]
C  [KERNEL32.DLL+0x2e8d7]
C  [ntdll.dll+0x8c53c]


---------------  P R O C E S S  ---------------

Threads class SMR info:
_java_thread_list=0x00007ffee02cee98, length=0, elements={
}

Java Threads: ( => current thread )

Other Threads:
  0x0000015c77516c90 GCTaskThread "GC Thread#0" [stack: 0x00000015eef00000,0x00000015ef000000] [id=112836]
  0x0000015c775285c0 ConcurrentGCThread "G1 Main Marker" [stack: 0x00000015ef000000,0x00000015ef100000] [id=112688]
  0x0000015c77529690 ConcurrentGCThread "G1 Conc#0" [stack: 0x00000015ef100000,0x00000015ef200000] [id=111964]

[error occurred during error reporting (printing all threads), id 0xc0000005, EXCEPTION_ACCESS_VIOLATION (0xc0000005) at pc=0x00007ffedfa8f497]

VM state: not at safepoint (not fully initialized)

VM Mutex/Monitor currently owned by a thread:  ([mutex/lock_event])
[0x0000015c774a36d0] Heap_lock - owner thread: 0x0000015c774a4640

Heap address: 0x0000000702000000, size: 4064 MB, Compressed Oops mode: Zero based, Oop shift amount: 3

CDS archive(s) mapped at: [0x0000000000000000-0x0000000000000000-0x0000000000000000), size 0, SharedBaseAddress: 0x0000000800000000, ArchiveRelocationMode: 1.
Narrow klass base: 0x0000000000000000, Narrow klass shift: 0, Narrow klass range: 0x0

GC Precious Log:
<Empty>

Heap:
 garbage-first heap   total 0K, used 0K [0x0000000702000000, 0x0000000800000000)
  region size 2048K, 0 young (0K), 0 survivors (0K)

[error occurred during error reporting (printing heap information), id 0xc0000005, EXCEPTION_ACCESS_VIOLATION (0xc0000005) at pc=0x00007ffedfe76c79]

GC Heap History (0 events):
No events

Dll operation events (1 events):
Event: 0.004 Loaded shared library D:\Nusa\Unity\6000.2.6f2\Editor\Data\PlaybackEngines\AndroidPlayer\OpenJDK\bin\java.dll

Deoptimization events (0 events):
No events

Classes unloaded (0 events):
No events

Classes redefined (0 events):
No events

Internal exceptions (0 events):
No events

VM Operations (0 events):
No events

Events (0 events):
No events


Dynamic libraries:
0x00007ff665d80000 - 0x00007ff665d8e000 	D:\Nusa\Unity\6000.2.6f2\Editor\Data\PlaybackEngines\AndroidPlayer\OpenJDK\bin\java.exe
0x00007ff835540000 - 0x00007ff8357a7000 	C:\WINDOWS\SYSTEM32\ntdll.dll
0x00007ff834af0000 - 0x00007ff834bb9000 	C:\WINDOWS\System32\KERNEL32.DLL
0x00007ff8327e0000 - 0x00007ff832bcf000 	C:\WINDOWS\System32\KERNELBASE.dll
0x00007ff832690000 - 0x00007ff8327db000 	C:\WINDOWS\System32\ucrtbase.dll
0x00007ff823460000 - 0x00007ff82347b000 	D:\Nusa\Unity\6000.2.6f2\Editor\Data\PlaybackEngines\AndroidPlayer\OpenJDK\bin\VCRUNTIME140.dll
0x00007ff822db0000 - 0x00007ff822dc7000 	D:\Nusa\Unity\6000.2.6f2\Editor\Data\PlaybackEngines\AndroidPlayer\OpenJDK\bin\jli.dll
0x00007ff834c40000 - 0x00007ff834e05000 	C:\WINDOWS\System32\USER32.dll
0x00007ff832dc0000 - 0x00007ff832de7000 	C:\WINDOWS\System32\win32u.dll
0x00007ff81b060000 - 0x00007ff81b2f3000 	C:\WINDOWS\WinSxS\amd64_microsoft.windows.common-controls_6595b64144ccf1df_6.0.26100.7309_none_3e05feeae336a044\COMCTL32.dll
0x00007ff834ee0000 - 0x00007ff834f0b000 	C:\WINDOWS\System32\GDI32.dll
0x00007ff8350c0000 - 0x00007ff835169000 	C:\WINDOWS\System32\msvcrt.dll
0x00007ff832be0000 - 0x00007ff832d0c000 	C:\WINDOWS\System32\gdi32full.dll
0x00007ff832d10000 - 0x00007ff832db3000 	C:\WINDOWS\System32\msvcp_win.dll
0x00007ff833bd0000 - 0x00007ff833c01000 	C:\WINDOWS\System32\IMM32.DLL
0x00007ff823a50000 - 0x00007ff823a5c000 	D:\Nusa\Unity\6000.2.6f2\Editor\Data\PlaybackEngines\AndroidPlayer\OpenJDK\bin\vcruntime140_1.dll
0x00007ff822cc0000 - 0x00007ff822d4d000 	D:\Nusa\Unity\6000.2.6f2\Editor\Data\PlaybackEngines\AndroidPlayer\OpenJDK\bin\msvcp140.dll
0x00007ffedf7a0000 - 0x00007ffee0401000 	D:\Nusa\Unity\6000.2.6f2\Editor\Data\PlaybackEngines\AndroidPlayer\OpenJDK\bin\server\jvm.dll
0x00007ff833b10000 - 0x00007ff833bc4000 	C:\WINDOWS\System32\ADVAPI32.dll
0x00007ff835350000 - 0x00007ff8353f6000 	C:\WINDOWS\System32\sechost.dll
0x00007ff8332e0000 - 0x00007ff8333f8000 	C:\WINDOWS\System32\RPCRT4.dll
0x00007ff82b800000 - 0x00007ff82b80a000 	C:\WINDOWS\SYSTEM32\WSOCK32.dll
0x00007ff832510000 - 0x00007ff83256e000 	C:\WINDOWS\SYSTEM32\POWRPROF.dll
0x00007ff823800000 - 0x00007ff823835000 	C:\WINDOWS\SYSTEM32\WINMM.dll
0x00007ff833400000 - 0x00007ff833474000 	C:\WINDOWS\System32\WS2_32.dll
0x00007ff82bda0000 - 0x00007ff82bdab000 	C:\WINDOWS\SYSTEM32\VERSION.dll
0x00007ff8324f0000 - 0x00007ff832504000 	C:\WINDOWS\SYSTEM32\UMPDC.dll
0x00007ff831440000 - 0x00007ff83145b000 	C:\WINDOWS\SYSTEM32\kernel.appcore.dll
0x00007ff8239e0000 - 0x00007ff8239ea000 	D:\Nusa\Unity\6000.2.6f2\Editor\Data\PlaybackEngines\AndroidPlayer\OpenJDK\bin\jimage.dll
0x00007ff81b510000 - 0x00007ff81b752000 	C:\WINDOWS\SYSTEM32\DBGHELP.DLL
0x00007ff833480000 - 0x00007ff833806000 	C:\WINDOWS\System32\combase.dll
0x00007ff8338e0000 - 0x00007ff8339b6000 	C:\WINDOWS\System32\OLEAUT32.dll
0x00007ff80afa0000 - 0x00007ff80afdc000 	C:\WINDOWS\SYSTEM32\dbgcore.DLL
0x00007ff833230000 - 0x00007ff8332d5000 	C:\WINDOWS\System32\bcryptPrimitives.dll
0x00007ff822b80000 - 0x00007ff822ba5000 	D:\Nusa\Unity\6000.2.6f2\Editor\Data\PlaybackEngines\AndroidPlayer\OpenJDK\bin\java.dll

dbghelp: loaded successfully - version: 4.0.5 - missing functions: none
symbol engine: initialized successfully - sym options: 0x614 - pdb path: .;D:\Nusa\Unity\6000.2.6f2\Editor\Data\PlaybackEngines\AndroidPlayer\OpenJDK\bin;C:\WINDOWS\SYSTEM32;C:\WINDOWS\WinSxS\amd64_microsoft.windows.common-controls_6595b64144ccf1df_6.0.26100.7309_none_3e05feeae336a044;D:\Nusa\Unity\6000.2.6f2\Editor\Data\PlaybackEngines\AndroidPlayer\OpenJDK\bin\server

VM Arguments:
java_command: <unknown>
java_class_path (initial): <not set>
Launcher Type: SUN_STANDARD

[Global flags]
     intx CICompilerCount                          = 4                                         {product} {ergonomic}
     uint ConcGCThreads                            = 3                                         {product} {ergonomic}
     uint G1ConcRefinementThreads                  = 10                                        {product} {ergonomic}
   size_t G1HeapRegionSize                         = 2097152                                   {product} {ergonomic}
    uintx GCDrainStackTargetSize                   = 64                                        {product} {ergonomic}
   size_t InitialHeapSize                          = 266338304                                 {product} {ergonomic}
   size_t MarkStackSize                            = 4194304                                   {product} {ergonomic}
   size_t MaxHeapSize                              = 4261412864                                {product} {ergonomic}
   size_t MinHeapDeltaBytes                        = 2097152                                   {product} {ergonomic}
   size_t MinHeapSize                              = 8388608                                   {product} {ergonomic}
    uintx NonNMethodCodeHeapSize                   = 5839372                                {pd product} {ergonomic}
    uintx NonProfiledCodeHeapSize                  = 122909434                              {pd product} {ergonomic}
    uintx ProfiledCodeHeapSize                     = 122909434                              {pd product} {ergonomic}
    uintx ReservedCodeCacheSize                    = 251658240                              {pd product} {ergonomic}
     bool SegmentedCodeCache                       = true                                      {product} {ergonomic}
   size_t SoftMaxHeapSize                          = 4261412864                             {manageable} {ergonomic}
     bool UseCompressedClassPointers               = true                           {product lp64_product} {ergonomic}
     bool UseCompressedOops                        = true                           {product lp64_product} {ergonomic}
     bool UseG1GC                                  = true                                      {product} {ergonomic}
     bool UseLargePagesIndividualAllocation        = false                                  {pd product} {ergonomic}

Logging:
Log output configuration:
 #0: stdout all=warning uptime,level,tags
 #1: stderr all=off uptime,level,tags

Environment Variables:
JAVA_HOME=D:/Nusa/Unity/6000.2.6f2/Editor/Data/PlaybackEngines/AndroidPlayer\OpenJDK
PATH=C:\Program Files\Common Files\Oracle\Java\javapath;D:\server;D:\client;C:\WINDOWS\system32;C:\WINDOWS;C:\WINDOWS\System32\Wbem;C:\WINDOWS\System32\WindowsPowerShell\v1.0\;C:\WINDOWS\System32\OpenSSH\;C:\Program Files\Git\cmd;C:\Program Files (x86)\NVIDIA Corporation\PhysX\Common;C:\Program Files\NVIDIA Corporation\NVIDIA app\NvDLISR;D:\Nusa\Unity\6000.1.9f1\Editor\Data\PlaybackEngines\AndroidPlayer\OpenJDK;C:\Program Files\Git LFS;C:\Program Files\dotnet\;C:\Users\cslin\AppData\Local\Microsoft\WindowsApps;C:\Users\cslin\AppData\Local\GitHubDesktop\bin;C:\Users\cslin\.dotnet\tools
USERNAME=cslin
OS=Windows_NT
PROCESSOR_IDENTIFIER=Intel64 Family 6 Model 165 Stepping 3, GenuineIntel
TMP=C:\Users\cslin\AppData\Local\Temp
TEMP=C:\Users\cslin\AppData\Local\Temp



Periodic native trim disabled


---------------  S Y S T E M  ---------------

OS:
 Windows 11 , 64 bit Build 26100 (10.0.26100.7623)
OS uptime: 0 days 3:33 hours

CPU: total 12 (initial active 12) (6 cores per cpu, 2 threads per core) family 6 model 165 stepping 3 microcode 0xea, cx8, cmov, fxsr, ht, mmx, 3dnowpref, sse, sse2, sse3, ssse3, sse4.1, sse4.2, popcnt, lzcnt, tsc, tscinvbit, avx, avx2, aes, erms, clmul, bmi1, bmi2, adx, fma, vzeroupper, clflush, clflushopt
Processor Information for all 12 processors :
  Max Mhz: 2904, Current Mhz: 2904, Mhz Limit: 2904

Memory: 4k page, system-wide physical 16251M (528M free)
TotalPageFile size 26232M (AvailPageFile size 75M)
current process WorkingSet (physical memory assigned to process): 12M, peak: 12M
current process commit charge ("private bytes"): 64M, peak: 318M

vm_info: OpenJDK 64-Bit Server VM (17.0.9+9) for windows-amd64 JRE (17.0.9+9), built on Oct 26 2023 14:01:42 by "admin" with MS VC++ 16.10 / 16.11 (VS2019)

END.
